github.com/katsilde

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


cd public_html
cd vp2021
git add .
git commit -m "kirjeldus"
git push 
token









greeny värk push ja pull

login as: katsil
katsil@greeny.cs.tlu.ee's password:
Last login: Tue Sep 21 08:18:20 2021 from m543-8.cs.tlu.ee
[katsil@greeny ~]$ git add
fatal: Not a git repository (or any parent up to mount point /home)
Stopping at filesystem boundary (GIT_DISCOVERY_ACROSS_FILESYSTEM not set).
[katsil@greeny ~]$ git add .
fatal: Not a git repository (or any parent up to mount point /home)
Stopping at filesystem boundary (GIT_DISCOVERY_ACROSS_FILESYSTEM not set).
[katsil@greeny ~]$ git remote -v
fatal: Not a git repository (or any parent up to mount point /home)
Stopping at filesystem boundary (GIT_DISCOVERY_ACROSS_FILESYSTEM not set).
[katsil@greeny ~]$ cd vp2021
-bash: cd: vp2021: No such file or directory
[katsil@greeny ~]$ cd public_html
[katsil@greeny public_html]$ cd vp2021
[katsil@greeny vp2021]$ git add .
[katsil@greeny vp2021]$ git commit -m "neljanda tunni töö"
[main cd276a1] neljanda tunni töö
 2 files changed, 174 insertions(+), 103 deletions(-)
 create mode 100644 list_films.php
 rewrite page2vana.php (61%)
[katsil@greeny vp2021]$ git push
warning: push.default is unset; its implicit value is changing in
Git 2.0 from 'matching' to 'simple'. To squelch this message
and maintain the current behavior after the default changes, use:

  git config --global push.default matching

To squelch this message and adopt the new behavior now, use:

  git config --global push.default simple

See 'git help config' and search for 'push.default' for further information.
(the 'simple' mode was introduced in Git 1.7.11. Use the similar mode
'current' instead of 'simple' if you sometimes use older versions of Git)

Password for 'https://katsilde@github.com':
Counting objects: 10, done.
Compressing objects: 100% (8/8), done.
Writing objects: 100% (8/8), 5.21 KiB | 0 bytes/s, done.
Total 8 (delta 3), reused 0 (delta 0)
remote: Resolving deltas: 100% (3/3), completed with 2 local objects.
To https://katsilde@github.com/katsilde/vp2021.git
   b54f5ed..cd276a1  main -> main
[katsil@greeny vp2021]$ ^C
[katsil@greeny vp2021]$